<?xml version="1.0" encoding="UTF-8"?>
<testsuites name="jest tests" tests="0" failures="0" time="16.284">
</testsuites>